{"fr":{"plural-forms":"nplurals=2; plural=(n > 1);","messages":{"translatable 1":{"*":["traductible 1"]},"translatable 2":{"*":["traductible 2"]},"translatable 3":{"*":["traductible 3"]},"translatable 4":{"*":["traductible 4"]},"removed 1":{"*":["supprimé 1"]},"translatable 5":{"*":[""]},"translatable 6":{"*":[""]},"translatable 7":{"*":[""]},"translatable 8":{"*":[""]},"translatable 9":{"*":[""]},"translatable 10":{"*":[""]},"translatable 11":{"*":[""]},"translatable 12":{"*":[""]},"translatable 14":{"*":[""]},"translatable 15":{"*":[""]},"translatable 16":{"*":[""]},"translatable 17":{"*":[""]},"translatable 18":{"*":[""]},"escaped \" 1":{"*":[""]},"escaped ' 2":{"*":[""]},"escaped \\ 3":{"*":[""]},"escaped \t 4":{"*":[""]},"escaped \n 5":{"*":[""]},"escaped 6":{"*":[""]},"escaped @ 7":{"*":[""]},"special 1 «↑éÉ☺»":{"*":[""]},"duplicated":{"*":[""]}}},"it":{"plural-forms":"nplurals=2; plural=(n != 1);","messages":{"translatable 1":{"*":["traducibile 1"]},"translatable 2":{"*":["traducibile 2"]},"translatable 3":{"*":["traducibile 3"]},"translatable 4":{"*":["traducibile 4"]},"removed 1":{"*":["rimosso 1"]},"translatable 5":{"*":[""]},"translatable 6":{"*":[""]},"translatable 7":{"*":[""]},"translatable 8":{"*":[""]},"translatable 9":{"*":[""]},"translatable 10":{"*":[""]},"translatable 11":{"*":[""]},"translatable 12":{"*":[""]},"translatable 14":{"*":[""]},"translatable 15":{"*":[""]},"translatable 16":{"*":[""]},"translatable 17":{"*":[""]},"translatable 18":{"*":[""]},"escaped \" 1":{"*":[""]},"escaped ' 2":{"*":[""]},"escaped \\ 3":{"*":[""]},"escaped \t 4":{"*":[""]},"escaped \n 5":{"*":[""]},"escaped 6":{"*":[""]},"escaped @ 7":{"*":[""]},"special 1 «↑éÉ☺»":{"*":[""]},"duplicated":{"*":[""]}}}}